#-----------------------------------------------------------
# Webtalk v2017.3 (64-bit)
# SW Build 2018833 on Wed Oct  4 19:58:07 MDT 2017
# IP Build 2016188 on Wed Oct  4 21:52:56 MDT 2017
# Start of session at: Sat Jan 20 14:14:30 2018
# Process ID: 24047
# Current directory: /home/ll/workdir/fpga_test/VHDL/wifi_decrypt/wifi_decrypt/wifi_decrypt.sim/sim_1/behav/xsim
# Command line: wbtcv -mode batch -source /home/ll/workdir/fpga_test/VHDL/wifi_decrypt/wifi_decrypt/wifi_decrypt.sim/sim_1/behav/xsim/xsim.dir/TB_WIFI_DECRYPT_behav/webtalk/xsim_webtalk.tcl -notrace
# Log file: /home/ll/workdir/fpga_test/VHDL/wifi_decrypt/wifi_decrypt/wifi_decrypt.sim/sim_1/behav/xsim/webtalk.log
# Journal file: /home/ll/workdir/fpga_test/VHDL/wifi_decrypt/wifi_decrypt/wifi_decrypt.sim/sim_1/behav/xsim/webtalk.jou
#-----------------------------------------------------------
source /home/ll/workdir/fpga_test/VHDL/wifi_decrypt/wifi_decrypt/wifi_decrypt.sim/sim_1/behav/xsim/xsim.dir/TB_WIFI_DECRYPT_behav/webtalk/xsim_webtalk.tcl -notrace
